I'm sorry, but errors were detected in your script. Please correct the
errors listed below, and try again.


File "game/script.rpy", line 111: Line is followed by a block, despite not being a menu choice. Did you forget a colon at the end of the line?
    "Dine with the Doctor."
                           ^

Ren'Py Version: Ren'Py 8.0.0.22062402
Tue Jul  5 19:19:17 2022
